array('address' => array('street' => 'Main Street'))